From github.com:ylu283/RTS-GMLC
 * branch            d6         -> FETCH_HEAD
Already up to date.
HEAD is now at 60e6328 mobo: q-ParEGO batch proposer + exact hypervolume (T-M8, prompt 21)
bo-gp detached @ 60e6328236e745b3d34dc8cd704bb72888ae5d15
/users/ylu28/.conda/envs/BOGP_CRC/lib/python3.11/site-packages/torch/jit/_script.py:1491: FutureWarning: `torch.jit.script` is deprecated. Please switch to `torch.compile` or `torch.export`.
  warnings.warn(
BOGP_CRC imports OK: 2.14.1+cpu 1.15.2
CHECK-ENV PASS (bo-gp @ 60e6328236e745b3d34dc8cd704bb72888ae5d15)
=== DRY RUN (a): full round ===
/users/ylu28/.conda/envs/BOGP_CRC/lib/python3.11/site-packages/torch/jit/_script.py:1491: FutureWarning: `torch.jit.script` is deprecated. Please switch to `torch.compile` or `torch.export`.
  warnings.warn(
STEP: run r1: git pull
STEP: run r1: ingest gate
STEP: run r1: idempotency guards
STEP: run r1: grading
STEP: run r1: stop checks
STEP: run r1: proposing round 2
STEP: propose r2: loading training data
STEP: propose r2: fitting prediction GPs on n=40
STEP: propose r2: acquisition (q-ParEGO, candidates mode)
STEP: propose r2: building wave + predictions
STEP: run r1: committing full round record BEFORE submitting
STEP: run r1: submitting r2 triple
From /tmp/tmp.6e7czJcCzp/repo.origin
 * branch            d6         -> FETCH_HEAD
Created autostash: 95d3007
Current branch d6 is up to date.
Applied autostash.
[d6 abedc44] bo-bot: SUBMITTED r2 (array=9000002 collector=9000003 acq=9000004)
 1 file changed, 1 insertion(+)
SUBMITTED r2: array=9000002 collector=9000003 acq=9000004
STEP: run r1: done
DRY RUN (a) PASS
=== DRY RUN (b): STOP_BO honored ===
/users/ylu28/.conda/envs/BOGP_CRC/lib/python3.11/site-packages/torch/jit/_script.py:1491: FutureWarning: `torch.jit.script` is deprecated. Please switch to `torch.compile` or `torch.export`.
  warnings.warn(
STEP: run r1: git pull
DRY RUN (b) PASS
=== DRY RUN (c): forced qsub failure -> WEDGED via ERR trap ===
/users/ylu28/.conda/envs/BOGP_CRC/lib/python3.11/site-packages/torch/jit/_script.py:1491: FutureWarning: `torch.jit.script` is deprecated. Please switch to `torch.compile` or `torch.export`.
  warnings.warn(
STEP: run r1: git pull
STEP: run r1: ingest gate
STEP: run r1: idempotency guards
STEP: run r1: grading
STEP: run r1: stop checks
STEP: run r1: proposing round 2
STEP: propose r2: loading training data
STEP: propose r2: fitting prediction GPs on n=40
STEP: propose r2: acquisition (q-ParEGO, candidates mode)
STEP: propose r2: building wave + predictions
STEP: run r1: committing full round record BEFORE submitting
STEP: run r1: submitting r2 triple
From /tmp/tmp.F84dhhqvKT/repo.origin
 * branch            d6         -> FETCH_HEAD
Created autostash: 56a8fb0
Current branch d6 is up to date.
Applied autostash.
forced qsub failure
Traceback (most recent call last):
  File "/tmp/tmp.F84dhhqvKT/repo/trial_0826/campaign/analysis/bo_stage2/acquire_next.py", line 633, in <module>
    sys.exit(main())
             ^^^^^^
  File "/tmp/tmp.F84dhhqvKT/repo/trial_0826/campaign/analysis/bo_stage2/acquire_next.py", line 626, in main
    return run_round(root, args.round)
           ^^^^^^^^^^^^^^^^^^^^^^^^^^^
  File "/tmp/tmp.F84dhhqvKT/repo/trial_0826/campaign/analysis/bo_stage2/acquire_next.py", line 570, in run_round
    subprocess.run(["bash", os.path.join(next_wave, "submit_this.sh")],
  File "/users/ylu28/.conda/envs/BOGP_CRC/lib/python3.11/subprocess.py", line 571, in run
    raise CalledProcessError(retcode, process.args,
subprocess.CalledProcessError: Command '['bash', '/tmp/tmp.F84dhhqvKT/repo/trial_0826/campaign/waves/bo_C_r2/submit_this.sh']' returned non-zero exit status 1.
[d6 dd0a3c1] bo-bot: WEDGED r1
 1 file changed, 16 insertions(+)
 create mode 100644 trial_0826/campaign/analysis/bo_stage2/WEDGED_bo_r1.md
DRY RUN (c) PASS
real tree untouched: PASS
qsub = /opt/sge/bin/lx-amd64/qsub (system binary)
From github.com:ylu283/RTS-GMLC
 * branch            d6         -> FETCH_HEAD
Already up to date.
[d6 4d019b0] bo-bot: SUBMITTED r1 (array=1516257 collector=1516258 acq=1516259)
 1 file changed, 1 insertion(+)
To github.com:ylu283/RTS-GMLC.git
   cd7d6ea..4d019b0  d6 -> d6
SUBMITTED r1: array=1516257 collector=1516258 acq=1516259
job-ID     prior   name       user         state submit/start at     queue                          jclass                         slots ja-task-ID 
------------------------------------------------------------------------------------------------------------------------------------------------
   1516257 1.05367 bo_C_r1_ar ylu28        r     10/07/2026 22:57:11 long@d12chas350.crc.nd.edu                                        1 1
   1516257 1.05367 bo_C_r1_ar ylu28        r     10/07/2026 22:57:11 long@d12chas350.crc.nd.edu                                        1 2
   1516257 1.05367 bo_C_r1_ar ylu28        r     10/07/2026 22:57:11 long@d12chas350.crc.nd.edu                                        1 3
   1516257 1.05367 bo_C_r1_ar ylu28        r     10/07/2026 22:57:11 long@d12chas350.crc.nd.edu                                        1 4
   1516257 1.05367 bo_C_r1_ar ylu28        r     10/07/2026 22:57:11 long@d12chas350.crc.nd.edu                                        1 5
   1516257 1.05367 bo_C_r1_ar ylu28        r     10/07/2026 22:57:11 long@d12chas350.crc.nd.edu                                        1 6
   1516257 1.05367 bo_C_r1_ar ylu28        r     10/07/2026 22:57:11 long@d12chas350.crc.nd.edu                                        1 7
   1516257 1.05367 bo_C_r1_ar ylu28        r     10/07/2026 22:57:11 long@d12chas350.crc.nd.edu                                        1 8
   1516258 0.00000 collect_bo ylu28        hqw   10/07/2026 22:57:11                                                                   1        
   1516259 0.00000 acq_bo_C_r ylu28        hqw   10/07/2026 22:57:13                                                                   1        

=== BLOCK 1 DONE — the chain is live ===
job-ID     prior   name       user         state submit/start at     queue                          jclass                         slots ja-task-ID 
------------------------------------------------------------------------------------------------------------------------------------------------
   1516257 1.05367 bo_C_r1_ar ylu28        r     10/07/2026 22:57:11 long@d12chas350.crc.nd.edu                                        1 1
   1516257 1.05367 bo_C_r1_ar ylu28        r     10/07/2026 22:57:11 long@d12chas350.crc.nd.edu                                        1 2
   1516257 1.05367 bo_C_r1_ar ylu28        r     10/07/2026 22:57:11 long@d12chas350.crc.nd.edu                                        1 3
   1516257 1.05367 bo_C_r1_ar ylu28        r     10/07/2026 22:57:11 long@d12chas350.crc.nd.edu                                        1 4
   1516257 1.05367 bo_C_r1_ar ylu28        r     10/07/2026 22:57:11 long@d12chas350.crc.nd.edu                                        1 5
   1516257 1.05367 bo_C_r1_ar ylu28        r     10/07/2026 22:57:11 long@d12chas350.crc.nd.edu                                        1 6
   1516257 1.05367 bo_C_r1_ar ylu28        r     10/07/2026 22:57:11 long@d12chas350.crc.nd.edu                                        1 7
   1516257 1.05367 bo_C_r1_ar ylu28        r     10/07/2026 22:57:11 long@d12chas350.crc.nd.edu                                        1 8
   1516258 0.00000 collect_bo ylu28        hqw   10/07/2026 22:57:11                                                                   1        
   1516259 0.00000 acq_bo_C_r ylu28        hqw   10/07/2026 22:57:13                                                                   1        

KAY'S STANDING CARD:
  stop NOW:  touch /groups/adowling/ylu28/RTS-GMLC/trial_0826/campaign/analysis/bo_stage2/STOP_BO   then qdel the three JIDs from the
             latest 'SUBMITTED r<k>:' line in ROUND_LOG.md
  silent-death watch: no email of ANY kind for 36 h => re-invoke the
  session to diagnose; never resubmit by hand.
